gcc -Wall -g -c util.c
